/home/zeus/miniconda3/envs/cloudspace/lib/python3.12/site-packages/mamba_ssm/ops/selective_scan_interface.py:163: FutureWarning: `torch.cuda.amp.custom_fwd(args...)` is deprecated. Please use `torch.amp.custom_fwd(args..., device_type='cuda')` instead.
  @custom_fwd
/home/zeus/miniconda3/envs/cloudspace/lib/python3.12/site-packages/mamba_ssm/ops/selective_scan_interface.py:239: FutureWarning: `torch.cuda.amp.custom_bwd(args...)` is deprecated. Please use `torch.amp.custom_bwd(args..., device_type='cuda')` instead.
  @custom_bwd
/home/zeus/miniconda3/envs/cloudspace/lib/python3.12/site-packages/mamba_ssm/ops/triton/layer_norm.py:985: FutureWarning: `torch.cuda.amp.custom_fwd(args...)` is deprecated. Please use `torch.amp.custom_fwd(args..., device_type='cuda')` instead.
  @custom_fwd
/home/zeus/miniconda3/envs/cloudspace/lib/python3.12/site-packages/mamba_ssm/ops/triton/layer_norm.py:1044: FutureWarning: `torch.cuda.amp.custom_bwd(args...)` is deprecated. Please use `torch.amp.custom_bwd(args..., device_type='cuda')` instead.
  @custom_bwd
/home/zeus/miniconda3/envs/cloudspace/lib/python3.12/site-packages/mamba_ssm/distributed/tensor_parallel.py:25: FutureWarning: `torch.cuda.amp.custom_fwd(args...)` is deprecated. Please use `torch.amp.custom_fwd(args..., device_type='cuda')` instead.
  @custom_fwd
/home/zeus/miniconda3/envs/cloudspace/lib/python3.12/site-packages/mamba_ssm/distributed/tensor_parallel.py:61: FutureWarning: `torch.cuda.amp.custom_bwd(args...)` is deprecated. Please use `torch.amp.custom_bwd(args..., device_type='cuda')` instead.
  @custom_bwd
/home/zeus/miniconda3/envs/cloudspace/lib/python3.12/site-packages/mamba_ssm/ops/triton/ssd_combined.py:757: FutureWarning: `torch.cuda.amp.custom_fwd(args...)` is deprecated. Please use `torch.amp.custom_fwd(args..., device_type='cuda')` instead.
  @custom_fwd
/home/zeus/miniconda3/envs/cloudspace/lib/python3.12/site-packages/mamba_ssm/ops/triton/ssd_combined.py:835: FutureWarning: `torch.cuda.amp.custom_bwd(args...)` is deprecated. Please use `torch.amp.custom_bwd(args..., device_type='cuda')` instead.
  @custom_bwd
  [strategies] Loaded: bear_call_ladder (class=custom_multi_leg) (max_qty=10, stop=1.5x, target=$2300, fallback=None, SL$=1050)
  [strategies] Loaded: bear_call_spread_credit (class=custom_multi_leg) (max_qty=10, stop=1.5x, target=$2300, fallback=None, SL$=1050)
  [strategies] Loaded: bear_put_ladder (class=custom_multi_leg) (max_qty=8, stop=10.0x, target=$1825.0, fallback=None, SL$=625.0)
  [strategies] Loaded: bear_put_spread (class=bear_put_spread) (max_qty=10, stop=1.5x, target=$3000, fallback=None, SL$=1050)
  [strategies] Loaded: bull_call_ladder (class=custom_multi_leg) (max_qty=10, stop=1.5x, target=$1550, fallback=None, SL$=1050)
  [strategies] Loaded: bull_call_spread (class=bull_call_spread) (max_qty=2, stop=5.0x, target=$3000.0, fallback=None, SL$=400.0)
  [strategies] Loaded: bull_put_ladder (class=custom_multi_leg) (max_qty=5, stop=10.0x, target=$400.0, fallback=None, SL$=625.0)
  [strategies] Loaded: bull_put_spread_credit (class=custom_multi_leg) (max_qty=15, stop=0.0x, target=$2800.0, fallback=None, SL$=400.0)
  [strategies] Loaded: calendar_call (class=custom_multi_leg) (max_qty=4, stop=0.0x, target=$400.0, fallback=None, SL$=725.0)
  [strategies] Loaded: calendar_put (class=custom_multi_leg) (max_qty=2, stop=15.0x, target=$425.0, fallback=None, SL$=1350.0)
  [strategies] Loaded: call_broken_wing (class=butterfly_call) (max_qty=10, stop=1.5x, target=$1500, fallback=None, SL$=500)
  [strategies] Loaded: call_ratio_backspread (class=custom_multi_leg) (max_qty=5, stop=1.5x, target=$1550, fallback=None, SL$=1300)
  [strategies] Loaded: call_ratio_spread (class=custom_multi_leg) (max_qty=15, stop=0.0x, target=$1575.0, fallback=None, SL$=650.0)
  [strategies] Loaded: cash_secured_put (class=single_put) (max_qty=10, stop=10.0x, target=$400.0, fallback=None, SL$=1350.0)
  [strategies] Loaded: collar (class=custom_multi_leg) (max_qty=10, stop=1.5x, target=$1050, fallback=None, SL$=300)
  [strategies] Loaded: covered_call (class=single_call) (max_qty=6, stop=10.0x, target=$550.0, fallback=None, SL$=400.0)
  [strategies] Loaded: covered_short_straddle (class=custom_multi_leg) (max_qty=5, stop=1.5x, target=$1000, fallback=None, SL$=300)
  [strategies] Loaded: covered_short_strangle (class=custom_multi_leg) (max_qty=5, stop=1.5x, target=$1450, fallback=None, SL$=800)
  [strategies] Loaded: diagonal_call (class=bull_call_spread) (max_qty=10, stop=1.5x, target=$2050, fallback=None, SL$=800)
  [strategies] Loaded: diagonal_put (class=bear_put_spread) (max_qty=15, stop=0.0x, target=$3000.0, fallback=None, SL$=900.0)
  [strategies] Loaded: double_diagonal (class=custom_multi_leg) (max_qty=9, stop=0.0x, target=$625.0, fallback=None, SL$=1500.0)
  [strategies] Loaded: guts (class=custom_multi_leg) (max_qty=5, stop=1.5x, target=$300, fallback=None, SL$=300)
  [strategies] Loaded: inverse_call_broken_wing (class=custom_multi_leg) (max_qty=10, stop=1.5x, target=$1600, fallback=None, SL$=400)
  [strategies] Loaded: inverse_iron_butterfly (class=custom_multi_leg) (max_qty=8, stop=1.5x, target=$400.0, fallback=None, SL$=400.0)
  [strategies] Loaded: inverse_iron_condor (class=custom_multi_leg) (max_qty=5, stop=1.5x, target=$2475, fallback=None, SL$=300)
  [strategies] Loaded: inverse_put_broken_wing (class=custom_multi_leg) (max_qty=8, stop=1.5x, target=$2250.0, fallback=None, SL$=650.0)
  [strategies] Loaded: iron_butterfly (class=custom_multi_leg) (max_qty=10, stop=2.0x, target=$775, fallback=None, SL$=600)
  [strategies] Loaded: iron_condor (class=iron_condor) (max_qty=10, stop=2.0x, target=$300, fallback=None, SL$=300)
  [strategies] Loaded: jade_lizard (class=custom_multi_leg) (max_qty=10, stop=1.5x, target=$700, fallback=None, SL$=300)
  [strategies] Loaded: long_call (class=single_call) (max_qty=2, stop=0.0x, target=$3000.0, fallback=None, SL$=950.0)
  [strategies] Loaded: long_call_butterfly (class=butterfly_call) (max_qty=10, stop=1.5x, target=$1000, fallback=None, SL$=500)
  [strategies] Loaded: long_call_condor (class=custom_multi_leg) (max_qty=10, stop=1.5x, target=$3000, fallback=None, SL$=1500)
  [strategies] Loaded: long_combo (class=custom_multi_leg) (max_qty=10, stop=1.5x, target=$300, fallback=None, SL$=500)
  [strategies] Loaded: long_put (class=single_put) (max_qty=5, stop=1.5x, target=$1700, fallback=None, SL$=1050)
  [strategies] Loaded: long_put_butterfly (class=custom_multi_leg) (max_qty=10, stop=1.5x, target=$3000, fallback=None, SL$=400)
  [strategies] Loaded: long_put_condor (class=custom_multi_leg) (max_qty=10, stop=1.5x, target=$3000, fallback=None, SL$=1500)
  [strategies] Loaded: long_synthetic_future (class=custom_multi_leg) (max_qty=10, stop=1.5x, target=$2500, fallback=None, SL$=600)
  [strategies] Loaded: protective_put (class=single_put) (max_qty=9, stop=0.0x, target=$1600.0, fallback=None, SL$=500.0)
  [strategies] Loaded: put_broken_wing (class=custom_multi_leg) (max_qty=10, stop=1.5x, target=$2750, fallback=None, SL$=450)
  [strategies] Loaded: put_ratio_backspread (class=custom_multi_leg) (max_qty=5, stop=1.5x, target=$1750, fallback=None, SL$=650)
  [strategies] Loaded: put_ratio_spread (class=custom_multi_leg) (max_qty=14, stop=1.5x, target=$1550.0, fallback=None, SL$=500.0)
  [strategies] Loaded: reverse_jade_lizard (class=custom_multi_leg) (max_qty=10, stop=1.5x, target=$700, fallback=None, SL$=350)
  [strategies] Loaded: short_call (class=single_call) (max_qty=10, stop=1.5x, target=$1500, fallback=None, SL$=340)
  [strategies] Loaded: short_call_butterfly (class=butterfly_call) (max_qty=10, stop=1.5x, target=$1500, fallback=None, SL$=500)
  [strategies] Loaded: short_call_condor (class=custom_multi_leg) (max_qty=10, stop=1.5x, target=$2850, fallback=None, SL$=1175)
  [strategies] Loaded: short_combo (class=custom_multi_leg) (max_qty=10, stop=1.5x, target=$975, fallback=None, SL$=750)
  [strategies] Loaded: short_guts (class=custom_multi_leg) (max_qty=10, stop=1.5x, target=$300, fallback=None, SL$=350)
  [strategies] Loaded: short_put (class=single_put) (max_qty=10, stop=1.5x, target=$750, fallback=None, SL$=900)
  [strategies] Loaded: short_put_butterfly (class=butterfly_call) (max_qty=10, stop=1.5x, target=$1500, fallback=None, SL$=500)
  [strategies] Loaded: short_put_condor (class=custom_multi_leg) (max_qty=10, stop=1.5x, target=$2850, fallback=None, SL$=1175)
  [strategies] Loaded: short_straddle (class=straddle) (max_qty=10, stop=1.5x, target=$800, fallback=None, SL$=550)
  [strategies] Loaded: short_strangle (class=strangle) (max_qty=10, stop=1.5x, target=$3000, fallback=None, SL$=400)
  [strategies] Loaded: short_synthetic_future (class=custom_multi_leg) (max_qty=10, stop=1.5x, target=$1000, fallback=None, SL$=600)
  [strategies] Loaded: straddle_long (class=straddle) (max_qty=5, stop=1.5x, target=$400, fallback=None, SL$=400)
  [strategies] Loaded: strangle_long (class=strangle) (max_qty=5, stop=1.5x, target=$300, fallback=None, SL$=300)
  [strategies] Loaded: strap (class=custom_multi_leg) (max_qty=5, stop=1.5x, target=$2850, fallback=None, SL$=300)
  [strategies] Loaded: strip (class=custom_multi_leg) (max_qty=5, stop=1.5x, target=$1100, fallback=None, SL$=400)
  [strategies] Loaded: synthetic_put (class=custom_multi_leg) (max_qty=12, stop=0.0x, target=$2150.0, fallback=None, SL$=1000.0)
2026-03-14 17:20:11.804807: I tensorflow/core/util/port.cc:153] oneDNN custom operations are on. You may see slightly different numerical results due to floating-point round-off errors from different computation orders. To turn them off, set the environment variable `TF_ENABLE_ONEDNN_OPTS=0`.
2026-03-14 17:20:11.899328: I tensorflow/core/platform/cpu_feature_guard.cc:210] This TensorFlow binary is optimized to use available CPU instructions in performance-critical operations.
To enable the following instructions: AVX2 AVX512F AVX512_VNNI FMA, in other operations, rebuild TensorFlow with the appropriate compiler flags.
2026-03-14 17:20:13.626021: I tensorflow/core/util/port.cc:153] oneDNN custom operations are on. You may see slightly different numerical results due to floating-point round-off errors from different computation orders. To turn them off, set the environment variable `TF_ENABLE_ONEDNN_OPTS=0`.
Traceback (most recent call last):
  File "/home/zeus/miniconda3/envs/cloudspace/lib/python3.12/site-packages/jsonschema/_format.py", line 304, in <module>
    import rfc3987
ModuleNotFoundError: No module named 'rfc3987'

During handling of the above exception, another exception occurred:

Traceback (most recent call last):
  File "/home/zeus/miniconda3/envs/cloudspace/lib/python3.12/site-packages/lark/visitors.py", line 115, in _call_userfunc
    f = getattr(self, tree.data)
        ^^^^^^^^^^^^^^^^^^^^^^^^
AttributeError: 'PrepareLiterals' object has no attribute 'value'

During handling of the above exception, another exception occurred:

Traceback (most recent call last):
  File "/teamspace/studios/this_studio/spy-iron-condor-trading/kaggle/condor_brain_backtest_v45.py", line 195, in <module>
    from audit.schema.validate_decision_trace import validate_decision_trace
  File "/teamspace/studios/this_studio/spy-iron-condor-trading/audit/schema/validate_decision_trace.py", line 7, in <module>
    import jsonschema
  File "/home/zeus/miniconda3/envs/cloudspace/lib/python3.12/site-packages/jsonschema/__init__.py", line 13, in <module>
    from jsonschema._format import FormatChecker
  File "/home/zeus/miniconda3/envs/cloudspace/lib/python3.12/site-packages/jsonschema/_format.py", line 328, in <module>
    from rfc3987_syntax import is_valid_syntax as _rfc3987_is_valid_syntax
  File "/home/zeus/miniconda3/envs/cloudspace/lib/python3.12/site-packages/rfc3987_syntax/__init__.py", line 1, in <module>
    from .syntax_helpers import *
  File "/home/zeus/miniconda3/envs/cloudspace/lib/python3.12/site-packages/rfc3987_syntax/syntax_helpers.py", line 86, in <module>
    is_valid_syntax_irelative_part = make_syntax_validator("irelative_part")
                                     ^^^^^^^^^^^^^^^^^^^^^^^^^^^^^^^^^^^^^^^
  File "/home/zeus/miniconda3/envs/cloudspace/lib/python3.12/site-packages/rfc3987_syntax/syntax_helpers.py", line 66, in make_syntax_validator
    parser = Lark(grammar, start=rule_name, parser=RFC3987_SYNTAX_PARSER_TYPE)
             ^^^^^^^^^^^^^^^^^^^^^^^^^^^^^^^^^^^^^^^^^^^^^^^^^^^^^^^^^^^^^^^^^
  File "/home/zeus/miniconda3/envs/cloudspace/lib/python3.12/site-packages/lark/lark.py", line 424, in __init__
    self.terminals, self.rules, self.ignore_tokens = self.grammar.compile(self.options.start, terminals_to_keep)
                                                     ^^^^^^^^^^^^^^^^^^^^^^^^^^^^^^^^^^^^^^^^^^^^^^^^^^^^^^^^^^^
  File "/home/zeus/miniconda3/envs/cloudspace/lib/python3.12/site-packages/lark/load_grammar.py", line 740, in compile
    tree = transformer.transform(rule_tree)
           ^^^^^^^^^^^^^^^^^^^^^^^^^^^^^^^^
  File "/home/zeus/miniconda3/envs/cloudspace/lib/python3.12/site-packages/lark/visitors.py", line 264, in transform
    tree = t.transform(tree)
           ^^^^^^^^^^^^^^^^^
  File "/home/zeus/miniconda3/envs/cloudspace/lib/python3.12/site-packages/lark/visitors.py", line 284, in transform
    subtree.children = list(self._transform_children(subtree.children))
                       ^^^^^^^^^^^^^^^^^^^^^^^^^^^^^^^^^^^^^^^^^^^^^^^^
  File "/home/zeus/miniconda3/envs/cloudspace/lib/python3.12/site-packages/lark/visitors.py", line 146, in _transform_children
    res = self._transform_tree(c)
          ^^^^^^^^^^^^^^^^^^^^^^^
  File "/home/zeus/miniconda3/envs/cloudspace/lib/python3.12/site-packages/lark/visitors.py", line 280, in _transform_tree
    return self._call_userfunc(tree)
           ^^^^^^^^^^^^^^^^^^^^^^^^^
  File "/home/zeus/miniconda3/envs/cloudspace/lib/python3.12/site-packages/lark/visitors.py", line 117, in _call_userfunc
    return self.__default__(tree.data, children, tree.meta)
           ^^^^^^^^^^^^^^^^^^^^^^^^^^^^^^^^^^^^^^^^^^^^^^^^
  File "/home/zeus/miniconda3/envs/cloudspace/lib/python3.12/site-packages/lark/visitors.py", line 180, in __default__
    return Tree(data, children, meta)
           ^^^^^^^^^^^^^^^^^^^^^^^^^^
KeyboardInterrupt
/home/zeus/miniconda3/envs/cloudspace/lib/python3.12/site-packages/mamba_ssm/ops/selective_scan_interface.py:163: FutureWarning: `torch.cuda.amp.custom_fwd(args...)` is deprecated. Please use `torch.amp.custom_fwd(args..., device_type='cuda')` instead.
  @custom_fwd
/home/zeus/miniconda3/envs/cloudspace/lib/python3.12/site-packages/mamba_ssm/ops/selective_scan_interface.py:239: FutureWarning: `torch.cuda.amp.custom_bwd(args...)` is deprecated. Please use `torch.amp.custom_bwd(args..., device_type='cuda')` instead.
  @custom_bwd
/home/zeus/miniconda3/envs/cloudspace/lib/python3.12/site-packages/mamba_ssm/ops/triton/layer_norm.py:985: FutureWarning: `torch.cuda.amp.custom_fwd(args...)` is deprecated. Please use `torch.amp.custom_fwd(args..., device_type='cuda')` instead.
  @custom_fwd
/home/zeus/miniconda3/envs/cloudspace/lib/python3.12/site-packages/mamba_ssm/ops/triton/layer_norm.py:1044: FutureWarning: `torch.cuda.amp.custom_bwd(args...)` is deprecated. Please use `torch.amp.custom_bwd(args..., device_type='cuda')` instead.
  @custom_bwd
/home/zeus/miniconda3/envs/cloudspace/lib/python3.12/site-packages/mamba_ssm/distributed/tensor_parallel.py:25: FutureWarning: `torch.cuda.amp.custom_fwd(args...)` is deprecated. Please use `torch.amp.custom_fwd(args..., device_type='cuda')` instead.
  @custom_fwd
/home/zeus/miniconda3/envs/cloudspace/lib/python3.12/site-packages/mamba_ssm/distributed/tensor_parallel.py:61: FutureWarning: `torch.cuda.amp.custom_bwd(args...)` is deprecated. Please use `torch.amp.custom_bwd(args..., device_type='cuda')` instead.
  @custom_bwd
/home/zeus/miniconda3/envs/cloudspace/lib/python3.12/site-packages/mamba_ssm/ops/triton/ssd_combined.py:757: FutureWarning: `torch.cuda.amp.custom_fwd(args...)` is deprecated. Please use `torch.amp.custom_fwd(args..., device_type='cuda')` instead.
  @custom_fwd
/home/zeus/miniconda3/envs/cloudspace/lib/python3.12/site-packages/mamba_ssm/ops/triton/ssd_combined.py:835: FutureWarning: `torch.cuda.amp.custom_bwd(args...)` is deprecated. Please use `torch.amp.custom_bwd(args..., device_type='cuda')` instead.
  @custom_bwd
Traceback (most recent call last):
  File "/teamspace/studios/this_studio/spy-iron-condor-trading/kaggle/condor_brain_backtest_v45.py", line 67, in <module>
    from intelligence.condor_brain import CondorBrain
  File "/teamspace/studios/this_studio/spy-iron-condor-trading/intelligence/condor_brain.py", line 44, in <module>
    from mamba_ssm import Mamba
  File "/home/zeus/miniconda3/envs/cloudspace/lib/python3.12/site-packages/mamba_ssm/__init__.py", line 6, in <module>
    from mamba_ssm.models.mixer_seq_simple import MambaLMHeadModel
  File "/home/zeus/miniconda3/envs/cloudspace/lib/python3.12/site-packages/mamba_ssm/models/mixer_seq_simple.py", line 20, in <module>
    from mamba_ssm.utils.generation import GenerationMixin
  File "/home/zeus/miniconda3/envs/cloudspace/lib/python3.12/site-packages/mamba_ssm/utils/generation.py", line 14, in <module>
    from transformers.generation import GreedySearchDecoderOnlyOutput, SampleDecoderOnlyOutput, TextStreamer
  File "<frozen importlib._bootstrap>", line 1412, in _handle_fromlist
  File "/home/zeus/miniconda3/envs/cloudspace/lib/python3.12/site-packages/transformers/utils/import_utils.py", line 2317, in __getattr__
    module = self._get_module(self._class_to_module[name])
             ^^^^^^^^^^^^^^^^^^^^^^^^^^^^^^^^^^^^^^^^^^^^^
  File "/home/zeus/miniconda3/envs/cloudspace/lib/python3.12/site-packages/transformers/utils/import_utils.py", line 2345, in _get_module
    return importlib.import_module("." + module_name, self.__name__)
           ^^^^^^^^^^^^^^^^^^^^^^^^^^^^^^^^^^^^^^^^^^^^^^^^^^^^^^^^^
  File "/home/zeus/miniconda3/envs/cloudspace/lib/python3.12/importlib/__init__.py", line 90, in import_module
    return _bootstrap._gcd_import(name[level:], package, level)
           ^^^^^^^^^^^^^^^^^^^^^^^^^^^^^^^^^^^^^^^^^^^^^^^^^^^^
  File "/home/zeus/miniconda3/envs/cloudspace/lib/python3.12/site-packages/transformers/generation/utils.py", line 28, in <module>
    from ..cache_utils import (
  File "/home/zeus/miniconda3/envs/cloudspace/lib/python3.12/site-packages/transformers/cache_utils.py", line 7, in <module>
    from .configuration_utils import PretrainedConfig
  File "/home/zeus/miniconda3/envs/cloudspace/lib/python3.12/site-packages/transformers/configuration_utils.py", line 27, in <module>
    from .modeling_gguf_pytorch_utils import load_gguf_checkpoint
  File "/home/zeus/miniconda3/envs/cloudspace/lib/python3.12/site-packages/transformers/modeling_gguf_pytorch_utils.py", line 22, in <module>
    from .integrations import (
  File "<frozen importlib._bootstrap>", line 1412, in _handle_fromlist
  File "/home/zeus/miniconda3/envs/cloudspace/lib/python3.12/site-packages/transformers/utils/import_utils.py", line 2317, in __getattr__
    module = self._get_module(self._class_to_module[name])
             ^^^^^^^^^^^^^^^^^^^^^^^^^^^^^^^^^^^^^^^^^^^^^
  File "/home/zeus/miniconda3/envs/cloudspace/lib/python3.12/site-packages/transformers/utils/import_utils.py", line 2345, in _get_module
    return importlib.import_module("." + module_name, self.__name__)
           ^^^^^^^^^^^^^^^^^^^^^^^^^^^^^^^^^^^^^^^^^^^^^^^^^^^^^^^^^
  File "/home/zeus/miniconda3/envs/cloudspace/lib/python3.12/importlib/__init__.py", line 90, in import_module
    return _bootstrap._gcd_import(name[level:], package, level)
           ^^^^^^^^^^^^^^^^^^^^^^^^^^^^^^^^^^^^^^^^^^^^^^^^^^^^
  File "/home/zeus/miniconda3/envs/cloudspace/lib/python3.12/site-packages/transformers/integrations/ggml.py", line 27, in <module>
    from .. import AddedToken
  File "<frozen importlib._bootstrap>", line 1412, in _handle_fromlist
  File "/home/zeus/miniconda3/envs/cloudspace/lib/python3.12/site-packages/transformers/utils/import_utils.py", line 2317, in __getattr__
    module = self._get_module(self._class_to_module[name])
             ^^^^^^^^^^^^^^^^^^^^^^^^^^^^^^^^^^^^^^^^^^^^^
  File "/home/zeus/miniconda3/envs/cloudspace/lib/python3.12/site-packages/transformers/utils/import_utils.py", line 2345, in _get_module
    return importlib.import_module("." + module_name, self.__name__)
           ^^^^^^^^^^^^^^^^^^^^^^^^^^^^^^^^^^^^^^^^^^^^^^^^^^^^^^^^^
  File "/home/zeus/miniconda3/envs/cloudspace/lib/python3.12/importlib/__init__.py", line 90, in import_module
    return _bootstrap._gcd_import(name[level:], package, level)
           ^^^^^^^^^^^^^^^^^^^^^^^^^^^^^^^^^^^^^^^^^^^^^^^^^^^^
  File "/home/zeus/miniconda3/envs/cloudspace/lib/python3.12/site-packages/transformers/tokenization_utils_base.py", line 1404, in <module>
    class PreTrainedTokenizerBase(SpecialTokensMixin, PushToHubMixin):
  File "/home/zeus/miniconda3/envs/cloudspace/lib/python3.12/site-packages/transformers/tokenization_utils_base.py", line 3391, in PreTrainedTokenizerBase
    batch_text_or_text_pairs: Union[
                              ^^^^^^
  File "/home/zeus/miniconda3/envs/cloudspace/lib/python3.12/typing.py", line 392, in inner
    @functools.wraps(func)

KeyboardInterrupt
/home/zeus/miniconda3/envs/cloudspace/lib/python3.12/site-packages/mamba_ssm/ops/selective_scan_interface.py:163: FutureWarning: `torch.cuda.amp.custom_fwd(args...)` is deprecated. Please use `torch.amp.custom_fwd(args..., device_type='cuda')` instead.
  @custom_fwd
/home/zeus/miniconda3/envs/cloudspace/lib/python3.12/site-packages/mamba_ssm/ops/selective_scan_interface.py:239: FutureWarning: `torch.cuda.amp.custom_bwd(args...)` is deprecated. Please use `torch.amp.custom_bwd(args..., device_type='cuda')` instead.
  @custom_bwd
/home/zeus/miniconda3/envs/cloudspace/lib/python3.12/site-packages/mamba_ssm/ops/triton/layer_norm.py:985: FutureWarning: `torch.cuda.amp.custom_fwd(args...)` is deprecated. Please use `torch.amp.custom_fwd(args..., device_type='cuda')` instead.
  @custom_fwd
/home/zeus/miniconda3/envs/cloudspace/lib/python3.12/site-packages/mamba_ssm/ops/triton/layer_norm.py:1044: FutureWarning: `torch.cuda.amp.custom_bwd(args...)` is deprecated. Please use `torch.amp.custom_bwd(args..., device_type='cuda')` instead.
  @custom_bwd
/home/zeus/miniconda3/envs/cloudspace/lib/python3.12/site-packages/mamba_ssm/distributed/tensor_parallel.py:25: FutureWarning: `torch.cuda.amp.custom_fwd(args...)` is deprecated. Please use `torch.amp.custom_fwd(args..., device_type='cuda')` instead.
  @custom_fwd
/home/zeus/miniconda3/envs/cloudspace/lib/python3.12/site-packages/mamba_ssm/distributed/tensor_parallel.py:61: FutureWarning: `torch.cuda.amp.custom_bwd(args...)` is deprecated. Please use `torch.amp.custom_bwd(args..., device_type='cuda')` instead.
  @custom_bwd
/home/zeus/miniconda3/envs/cloudspace/lib/python3.12/site-packages/mamba_ssm/ops/triton/ssd_combined.py:757: FutureWarning: `torch.cuda.amp.custom_fwd(args...)` is deprecated. Please use `torch.amp.custom_fwd(args..., device_type='cuda')` instead.
  @custom_fwd
/home/zeus/miniconda3/envs/cloudspace/lib/python3.12/site-packages/mamba_ssm/ops/triton/ssd_combined.py:835: FutureWarning: `torch.cuda.amp.custom_bwd(args...)` is deprecated. Please use `torch.amp.custom_bwd(args..., device_type='cuda')` instead.
  @custom_bwd
  [strategies] Loaded: bear_call_ladder (class=custom_multi_leg) (max_qty=10, stop=1.5x, target=$2300, fallback=None, SL$=1050)
  [strategies] Loaded: bear_call_spread_credit (class=custom_multi_leg) (max_qty=10, stop=1.5x, target=$2300, fallback=None, SL$=1050)
  [strategies] Loaded: bear_put_ladder (class=custom_multi_leg) (max_qty=8, stop=10.0x, target=$1825.0, fallback=None, SL$=625.0)
  [strategies] Loaded: bear_put_spread (class=bear_put_spread) (max_qty=10, stop=1.5x, target=$3000, fallback=None, SL$=1050)
  [strategies] Loaded: bull_call_ladder (class=custom_multi_leg) (max_qty=10, stop=1.5x, target=$1550, fallback=None, SL$=1050)
  [strategies] Loaded: bull_call_spread (class=bull_call_spread) (max_qty=2, stop=5.0x, target=$3000.0, fallback=None, SL$=400.0)
  [strategies] Loaded: bull_put_ladder (class=custom_multi_leg) (max_qty=5, stop=10.0x, target=$400.0, fallback=None, SL$=625.0)
  [strategies] Loaded: bull_put_spread_credit (class=custom_multi_leg) (max_qty=15, stop=0.0x, target=$2800.0, fallback=None, SL$=400.0)
  [strategies] Loaded: calendar_call (class=custom_multi_leg) (max_qty=4, stop=0.0x, target=$400.0, fallback=None, SL$=725.0)
  [strategies] Loaded: calendar_put (class=custom_multi_leg) (max_qty=2, stop=15.0x, target=$425.0, fallback=None, SL$=1350.0)
  [strategies] Loaded: call_broken_wing (class=butterfly_call) (max_qty=10, stop=1.5x, target=$1500, fallback=None, SL$=500)
  [strategies] Loaded: call_ratio_backspread (class=custom_multi_leg) (max_qty=5, stop=1.5x, target=$1550, fallback=None, SL$=1300)
  [strategies] Loaded: call_ratio_spread (class=custom_multi_leg) (max_qty=15, stop=0.0x, target=$1575.0, fallback=None, SL$=650.0)
  [strategies] Loaded: cash_secured_put (class=single_put) (max_qty=10, stop=10.0x, target=$400.0, fallback=None, SL$=1350.0)
  [strategies] Loaded: collar (class=custom_multi_leg) (max_qty=10, stop=1.5x, target=$1050, fallback=None, SL$=300)
  [strategies] Loaded: covered_call (class=single_call) (max_qty=6, stop=10.0x, target=$550.0, fallback=None, SL$=400.0)
  [strategies] Loaded: covered_short_straddle (class=custom_multi_leg) (max_qty=5, stop=1.5x, target=$1000, fallback=None, SL$=300)
  [strategies] Loaded: covered_short_strangle (class=custom_multi_leg) (max_qty=5, stop=1.5x, target=$1450, fallback=None, SL$=800)
  [strategies] Loaded: diagonal_call (class=bull_call_spread) (max_qty=10, stop=1.5x, target=$2050, fallback=None, SL$=800)
  [strategies] Loaded: diagonal_put (class=bear_put_spread) (max_qty=15, stop=0.0x, target=$3000.0, fallback=None, SL$=900.0)
  [strategies] Loaded: double_diagonal (class=custom_multi_leg) (max_qty=9, stop=0.0x, target=$625.0, fallback=None, SL$=1500.0)
  [strategies] Loaded: guts (class=custom_multi_leg) (max_qty=5, stop=1.5x, target=$300, fallback=None, SL$=300)
  [strategies] Loaded: inverse_call_broken_wing (class=custom_multi_leg) (max_qty=10, stop=1.5x, target=$1600, fallback=None, SL$=400)
  [strategies] Loaded: inverse_iron_butterfly (class=custom_multi_leg) (max_qty=8, stop=1.5x, target=$400.0, fallback=None, SL$=400.0)
  [strategies] Loaded: inverse_iron_condor (class=custom_multi_leg) (max_qty=5, stop=1.5x, target=$2475, fallback=None, SL$=300)
  [strategies] Loaded: inverse_put_broken_wing (class=custom_multi_leg) (max_qty=8, stop=1.5x, target=$2250.0, fallback=None, SL$=650.0)
  [strategies] Loaded: iron_butterfly (class=custom_multi_leg) (max_qty=10, stop=2.0x, target=$775, fallback=None, SL$=600)
  [strategies] Loaded: iron_condor (class=iron_condor) (max_qty=10, stop=2.0x, target=$300, fallback=None, SL$=300)
  [strategies] Loaded: jade_lizard (class=custom_multi_leg) (max_qty=10, stop=1.5x, target=$700, fallback=None, SL$=300)
  [strategies] Loaded: long_call (class=single_call) (max_qty=2, stop=0.0x, target=$3000.0, fallback=None, SL$=950.0)
  [strategies] Loaded: long_call_butterfly (class=butterfly_call) (max_qty=10, stop=1.5x, target=$1000, fallback=None, SL$=500)
  [strategies] Loaded: long_call_condor (class=custom_multi_leg) (max_qty=10, stop=1.5x, target=$3000, fallback=None, SL$=1500)
  [strategies] Loaded: long_combo (class=custom_multi_leg) (max_qty=10, stop=1.5x, target=$300, fallback=None, SL$=500)
  [strategies] Loaded: long_put (class=single_put) (max_qty=5, stop=1.5x, target=$1700, fallback=None, SL$=1050)
  [strategies] Loaded: long_put_butterfly (class=custom_multi_leg) (max_qty=10, stop=1.5x, target=$3000, fallback=None, SL$=400)
  [strategies] Loaded: long_put_condor (class=custom_multi_leg) (max_qty=10, stop=1.5x, target=$3000, fallback=None, SL$=1500)
  [strategies] Loaded: long_synthetic_future (class=custom_multi_leg) (max_qty=10, stop=1.5x, target=$2500, fallback=None, SL$=600)
  [strategies] Loaded: protective_put (class=single_put) (max_qty=9, stop=0.0x, target=$1600.0, fallback=None, SL$=500.0)
  [strategies] Loaded: put_broken_wing (class=custom_multi_leg) (max_qty=10, stop=1.5x, target=$2750, fallback=None, SL$=450)
  [strategies] Loaded: put_ratio_backspread (class=custom_multi_leg) (max_qty=5, stop=1.5x, target=$1750, fallback=None, SL$=650)
  [strategies] Loaded: put_ratio_spread (class=custom_multi_leg) (max_qty=14, stop=1.5x, target=$1550.0, fallback=None, SL$=500.0)
  [strategies] Loaded: reverse_jade_lizard (class=custom_multi_leg) (max_qty=10, stop=1.5x, target=$700, fallback=None, SL$=350)
  [strategies] Loaded: short_call (class=single_call) (max_qty=10, stop=1.5x, target=$1500, fallback=None, SL$=340)
  [strategies] Loaded: short_call_butterfly (class=butterfly_call) (max_qty=10, stop=1.5x, target=$1500, fallback=None, SL$=500)
  [strategies] Loaded: short_call_condor (class=custom_multi_leg) (max_qty=10, stop=1.5x, target=$2850, fallback=None, SL$=1175)
  [strategies] Loaded: short_combo (class=custom_multi_leg) (max_qty=10, stop=1.5x, target=$975, fallback=None, SL$=750)
  [strategies] Loaded: short_guts (class=custom_multi_leg) (max_qty=10, stop=1.5x, target=$300, fallback=None, SL$=350)
  [strategies] Loaded: short_put (class=single_put) (max_qty=10, stop=1.5x, target=$750, fallback=None, SL$=900)
  [strategies] Loaded: short_put_butterfly (class=butterfly_call) (max_qty=10, stop=1.5x, target=$1500, fallback=None, SL$=500)
  [strategies] Loaded: short_put_condor (class=custom_multi_leg) (max_qty=10, stop=1.5x, target=$2850, fallback=None, SL$=1175)
  [strategies] Loaded: short_straddle (class=straddle) (max_qty=10, stop=1.5x, target=$800, fallback=None, SL$=550)
  [strategies] Loaded: short_strangle (class=strangle) (max_qty=10, stop=1.5x, target=$3000, fallback=None, SL$=400)
  [strategies] Loaded: short_synthetic_future (class=custom_multi_leg) (max_qty=10, stop=1.5x, target=$1000, fallback=None, SL$=600)
  [strategies] Loaded: straddle_long (class=straddle) (max_qty=5, stop=1.5x, target=$400, fallback=None, SL$=400)
  [strategies] Loaded: strangle_long (class=strangle) (max_qty=5, stop=1.5x, target=$300, fallback=None, SL$=300)
  [strategies] Loaded: strap (class=custom_multi_leg) (max_qty=5, stop=1.5x, target=$2850, fallback=None, SL$=300)
  [strategies] Loaded: strip (class=custom_multi_leg) (max_qty=5, stop=1.5x, target=$1100, fallback=None, SL$=400)
  [strategies] Loaded: synthetic_put (class=custom_multi_leg) (max_qty=12, stop=0.0x, target=$2150.0, fallback=None, SL$=1000.0)
2026-03-16 05:32:23.355854: I tensorflow/core/util/port.cc:153] oneDNN custom operations are on. You may see slightly different numerical results due to floating-point round-off errors from different computation orders. To turn them off, set the environment variable `TF_ENABLE_ONEDNN_OPTS=0`.
2026-03-16 05:32:23.450393: I tensorflow/core/platform/cpu_feature_guard.cc:210] This TensorFlow binary is optimized to use available CPU instructions in performance-critical operations.
To enable the following instructions: AVX2 AVX512F AVX512_VNNI FMA, in other operations, rebuild TensorFlow with the appropriate compiler flags.
